#0 building with "desktop-linux" instance using docker driver

#1 [internal] load build definition from Dockerfile.vulnerable
#1 transferring dockerfile: 403B done
#1 DONE 0.0s

#2 [internal] load .dockerignore
#2 transferring context: 145B done
#2 DONE 0.0s

#3 [internal] load metadata for docker.io/library/ue03-telemetry:local
#3 DONE 0.0s

#4 [1/3] FROM docker.io/library/ue03-telemetry:local
#4 DONE 0.0s

#5 [2/3] RUN mkdir /opt/critical-demo && chown node:node /opt/critical-demo
#5 DONE 0.1s

#6 [3/3] RUN npm install --prefix /opt/critical-demo --ignore-scripts --no-audit --no-fund lodash@4.17.11
#6 0.996 
#6 0.996 added 1 package in 666ms
#6 0.996 npm notice
#6 0.996 npm notice New major version of npm available! 10.9.9 -> 12.2.0
#6 0.996 npm notice Changelog: https://github.com/npm/cli/releases/tag/v12.2.0
#6 0.996 npm notice To update run: npm install -g npm@12.2.0
#6 0.996 npm notice
#6 DONE 1.1s

#7 exporting to image
#7 exporting layers 0.1s done
#7 writing image sha256:2c0905d6e2b05013e99bab7ffacf4eca51ad33fc0714bd040f0db39e626b7f82 done
#7 naming to docker.io/library/ue03-critical-demo:local done
#7 DONE 0.1s

What's Next?
  View summary of image vulnerabilities and recommendations → docker scout quickview
