#0 building with "desktop-linux" instance using docker driver

#1 [internal] load .dockerignore
#1 transferring context: 151B done
#1 DONE 0.0s

#2 [internal] load build definition from Dockerfile
#2 transferring dockerfile: 1.05kB done
#2 DONE 0.0s

#3 [internal] load metadata for docker.io/library/node:22-alpine@sha256:0a7108bf6c7bf5de370ffb1a3ed6be93d405b43ff159f681a8d18c0e2bc2e402
#3 DONE 0.0s

#4 [dependencies 1/4] FROM docker.io/library/node:22-alpine@sha256:0a7108bf6c7bf5de370ffb1a3ed6be93d405b43ff159f681a8d18c0e2bc2e402
#4 DONE 0.0s

#5 [internal] load build context
#5 transferring context: 1.92kB done
#5 DONE 0.0s

#6 [runtime 5/8] COPY --chown=node:node src ./src
#6 CACHED

#7 [dependencies 4/4] RUN npm ci --omit=dev --ignore-scripts && npm cache clean --force
#7 CACHED

#8 [runtime 6/8] COPY --chown=node:node scripts/import-history.js scripts/loadgen.js ./scripts/
#8 CACHED

#9 [dependencies 2/4] WORKDIR /app
#9 CACHED

#10 [runtime 7/8] COPY --chown=node:node config/detection.json ./config/detection.json
#10 CACHED

#11 [runtime 4/8] COPY --chown=node:node package.json package-lock.json ./
#11 CACHED

#12 [dependencies 3/4] COPY package.json package-lock.json ./
#12 CACHED

#13 [runtime 3/8] COPY --from=dependencies --chown=node:node /app/node_modules ./node_modules
#13 CACHED

#14 [runtime 8/8] RUN mkdir logs artifacts && chown node:node logs artifacts
#14 CACHED

#15 exporting to image
#15 exporting layers done
#15 writing image sha256:931346c8527e85eee8639319a09473b29f3f7f51579804295856cf42a5910735 done
#15 naming to docker.io/library/ue03-telemetry:local done
#15 DONE 0.0s

What's Next?
  View summary of image vulnerabilities and recommendations → docker scout quickview
