OK ue03-integrite Combien de parties terminées ? 1 série(s)
OK ue03-integrite Combien de victoires courtes ? 1 série(s)
OK ue03-integrite Combien de retards de bots ? 1 série(s)
OK ue03-integrite Combien d’incohérences ? 1 série(s)
OK ue03-integrite Quand les parties se terminent-elles ? 5 série(s)
OK ue03-integrite Quand les victoires courtes se concentrent-elles ? 1 série(s)
OK ue03-integrite Sur quelles cartes les bots ont-ils du retard ? 1 série(s)
OK ue03-integrite Quels clients envoient des données incohérentes ? 1 série(s)
OK ue03-integrite Quelles parties examiner pour le farming ? 20 série(s)
OK ue03-performance Combien de rapports ? 1 série(s)
OK ue03-performance Combien d’incohérences ? 1 série(s)
OK ue03-performance Combien de signatures overlay ? 1 série(s)
OK ue03-performance Combien d’onglets masqués ? 1 série(s)
OK ue03-performance Quand les signatures apparaissent-elles ? 7 série(s)
OK ue03-performance Quelles signatures dominent ? 7 série(s)
OK ue03-performance Quelle part d’overlay dans la cohorte par build ? 5 série(s)
OK ue03-performance Quels navigateurs ont signalé l’overlay ? 5 série(s)
OK ue03-performance Quelles traces étayent la régression ? 20 série(s)
OK ue03-service API disponible ? 1 série(s)
OK ue03-service Quel débit de requêtes ? 1 série(s)
OK ue03-service Quel délai au p95 ? 1 série(s)
OK ue03-service Quel taux de 5xx ? 1 série(s)
OK ue03-service Combien de parties ? 1 série(s)
OK ue03-service Comment évolue le trafic par statut ? 2 série(s)
OK ue03-service La charge ralentit-elle l’API ? 1 série(s)
OK ue03-service Quelles signatures sont reçues en direct ? 8 série(s)
OK ue03-service Quelle mémoire utilise le processus ? 1 série(s)
OK ue03-service Quelles alertes sont actives ? 2 série(s)
Réconciliation, collecte live, règles et 28 requêtes vérifiées.
